// Jest Snapshot v1, https://goo.gl/fbAQLP

exports[`Title should render correctly and with the correct styles 1`] = `
<h1
  class="mantine-Text-root mantine-Title-root sc-beqWaB hHMQGN mantine-iuvzso"
>
  Title
</h1>
`;
