// Jest Snapshot v1, https://goo.gl/fbAQLP

exports[`Divider should render correctly 1`] = `
<div
  class="sc-beqWaB dwmPGf"
  color="grey"
  orientation="horizontal"
/>
`;
