// Jest Snapshot v1, https://goo.gl/fbAQLP

exports[`Flex should render correctly 1`] = `
<div
  class="mantine-1jggmkl"
/>
`;
