// Jest Snapshot v1, https://goo.gl/fbAQLP

exports[`Group should render correctly 1`] = `
<div
  class="mantine-Group-root mantine-k3ov3c"
>
  <div>
    1
  </div>
  <div>
    2
  </div>
</div>
`;
