// Jest Snapshot v1, https://goo.gl/fbAQLP

exports[`Stack should render correctly 1`] = `
<div
  class="mantine-Stack-root mantine-caxjnw"
>
  <div>
    1
  </div>
  <div>
    2
  </div>
</div>
`;
